// Jest Snapshot v1, https://goo.gl/fbAQLP

exports[`<App /> renders the UI as expected 1`] = `
<div
  className="Chat-list"
>
  <div
    className="ChatEvent-lis"
  >
    <div
      className="Participant"
    >
      <img
        alt="headshot"
        src="https://robohash.org/utlaborumfugit.jpg?size=200x200&set=set1"
      />
      <h3>
        Axe Kubicka
      </h3>
      <p />
      <p />
    </div>
    <div
      className="ChatEvent"
    >
      <p>
        message
      </p>
      <p>
        Hello world
      </p>
      <p>
        Wed Jan 30 2019 07:48:04 GMT-0500 (Eastern Standard Time)
      </p>
    </div>
  </div>
  <div
    className="ChatEvent-lis"
  >
    <div
      className="Participant"
    >
      <img
        alt="headshot"
        src="https://robohash.org/doloredolorescupiditate.jpg?size=200x200&set=set1"
      />
      <h3>
        Caty Flucker
      </h3>
      <p />
      <p />
    </div>
    <div
      className="ChatEvent"
    >
      <p>
        thumbs-up
      </p>
      <p />
      <p>
        Wed Jan 30 2019 07:48:04 GMT-0500 (Eastern Standard Time)
      </p>
    </div>
  </div>
  <div
    className="ChatEvent-lis"
  >
    <div
      className="Participant"
    >
      <img
        alt="headshot"
        src="https://robohash.org/etexercitationemassumenda.jpg?size=200x200&set=set1"
      />
      <h3>
        Frank Runciman
      </h3>
      <p />
      <p />
    </div>
    <div
      className="ChatEvent"
    >
      <p>
        thumbs-down
      </p>
      <p />
      <p>
        Wed Jan 30 2019 07:48:04 GMT-0500 (Eastern Standard Time)
      </p>
    </div>
  </div>
  <div
    className="ChatEvent-lis"
  >
    <div
      className="Participant"
    >
      <img
        alt="headshot"
        src="https://robohash.org/itaquevoluptatumrerum.jpg?size=200x200&set=set1"
      />
      <h3>
        Koren Templeton
      </h3>
      <p />
      <p />
    </div>
    <div
      className="ChatEvent"
    >
      <p>
        raise-hand
      </p>
      <p />
      <p>
        Wed Jan 30 2019 07:49:04 GMT-0500 (Eastern Standard Time)
      </p>
    </div>
  </div>
  <div
    className="ChatEvent-lis"
  >
    <div
      className="Participant"
    >
      <img
        alt="headshot"
        src="https://robohash.org/itaquevoluptatumrerum.jpg?size=200x200&set=set1"
      />
      <h3>
        Koren Templeton
      </h3>
      <p />
      <p />
    </div>
    <div
      className="ChatEvent"
    >
      <p>
        clap
      </p>
      <p />
      <p>
        Wed Jan 30 2019 07:49:04 GMT-0500 (Eastern Standard Time)
      </p>
    </div>
  </div>
  <div
    className="ChatEvent-lis"
  >
    <div
      className="Participant"
    >
      <img
        alt="headshot"
        src="https://robohash.org/itaquevoluptatumrerum.jpg?size=200x200&set=set1"
      />
      <h3>
        Koren Templeton
      </h3>
      <p />
      <p />
    </div>
    <div
      className="ChatEvent"
    >
      <p>
        join
      </p>
      <p />
      <p>
        Wed Jan 30 2019 07:49:04 GMT-0500 (Eastern Standard Time)
      </p>
    </div>
  </div>
  <div
    className="ChatEvent-lis"
  >
    <div
      className="Participant"
    >
      <img
        alt="headshot"
        src="https://robohash.org/iustodoloremqueinventore.jpg?size=200x200&set=set1"
      />
      <h3>
        Ashla Attwool
      </h3>
      <p />
      <p />
    </div>
    <div
      className="ChatEvent"
    >
      <p>
        leave
      </p>
      <p />
      <p>
        Wed Jan 30 2019 07:50:04 GMT-0500 (Eastern Standard Time)
      </p>
    </div>
  </div>
  <div
    className="ChatEvent-lis"
  >
    <div
      className="Participant"
    >
      <img
        alt="headshot"
        src="https://robohash.org/utlaborumfugit.jpg?size=200x200&set=set1"
      />
      <h3>
        Axe Kubicka
      </h3>
      <p />
      <p />
    </div>
    <div
      className="ChatEvent"
    >
      <p>
        join-stage
      </p>
      <p />
      <p>
        Wed Jan 30 2019 07:51:04 GMT-0500 (Eastern Standard Time)
      </p>
    </div>
  </div>
  <div
    className="ChatEvent-lis"
  >
    <div
      className="Participant"
    >
      <img
        alt="headshot"
        src="https://robohash.org/utlaborumfugit.jpg?size=200x200&set=set1"
      />
      <h3>
        Axe Kubicka
      </h3>
      <p />
      <p />
    </div>
    <div
      className="ChatEvent"
    >
      <p>
        leave-stage
      </p>
      <p />
      <p>
        Wed Jan 30 2019 07:52:04 GMT-0500 (Eastern Standard Time)
      </p>
    </div>
  </div>
</div>
`;
