// Jest Snapshot v1, https://goo.gl/fbAQLP

exports[`<App /> renders the UI as expected 1`] = `
<div
  className="ChatEvent"
>
  <p>
    message
  </p>
  <p>
    Testing Chat Log
  </p>
  <p>
    1548852484247
  </p>
</div>
`;
