// Jest Snapshot v1, https://goo.gl/fbAQLP

exports[`<App /> renders the UI as expected 1`] = `
<section
  className="List"
>
  <div
    className="List-participants"
  >
    <div
      className="Participant"
    >
      <img
        alt="headshot"
        src="https://ia.media-imdb.com/images/M/MV5BMTY5NzE3NzU3MF5BMl5BanBnXkFtZTgwMjg0NTQ5MDE@._V1_UX214_CR0,0,214,317_AL_.jpg"
      />
      <h3>
        Sally Salonga
      </h3>
      <p />
      <p />
    </div>
    <div
      className="Participant"
    >
      <img
        alt="headshot"
        src="https://robohash.org/itaquevoluptatumrerum.jpg?size=200x200&set=set1"
      />
      <h3>
        Joe Turner
      </h3>
      <p />
      <p />
    </div>
  </div>
</section>
`;
