// Jest Snapshot v1, https://goo.gl/fbAQLP

exports[`<App /> renders the UI as expected 1`] = `
<section
  className="OnStage"
>
  <div
    className="OnStage-participants"
  />
</section>
`;
