// Jest Snapshot v1, https://goo.gl/fbAQLP

exports[`<App /> renders the UI as expected 1`] = `
<div
  className="Card"
>
  <h3>
    Test card
  </h3>
  <p>
    Card component working
  </p>
</div>
`;
